<<<<<<< HEAD
2026-07-01 15:20:59,498 [INFO] in scala-execution-context-global-30 - Starting the server
2026-07-01 15:24:09,437 [INFO] in scala-execution-context-global-30 - Starting the server
2026-07-01 15:26:03,574 [INFO] in scala-execution-context-global-30 - Starting the server
2026-07-01 15:32:53,289 [INFO] in scala-execution-context-global-30 - Starting the server
2026-07-01 16:38:04,511 [INFO] in scala-execution-context-global-30 - Starting the server
2026-07-02 09:33:40,940 [INFO] in scala-execution-context-global-30 - Starting the server
=======
2026-07-07 14:50:19,924 [INFO] in application-akka.actor.default-dispatcher-8 - Starting the server
2026-07-07 14:51:34,132 [INFO] in application-akka.actor.default-dispatcher-5 - Starting the server
2026-07-07 15:43:43,080 [INFO] in application-akka.actor.default-dispatcher-5 - Starting the server
2026-07-07 15:55:45,157 [INFO] in application-akka.actor.default-dispatcher-8 - Starting the server
2026-07-07 17:52:05,772 [INFO] in application-akka.actor.default-dispatcher-9 - Starting the server
2026-07-08 09:25:53,466 [INFO] in application-akka.actor.default-dispatcher-7 - Starting the server
2026-07-08 09:30:05,122 [INFO] in application-akka.actor.default-dispatcher-5 - Starting the server
2026-07-08 10:28:29,298 [INFO] in application-akka.actor.default-dispatcher-8 - Starting the server
2026-07-08 10:33:07,638 [INFO] in application-akka.actor.default-dispatcher-7 - Starting the server
2026-07-08 10:34:31,062 [INFO] in application-akka.actor.default-dispatcher-6 - Starting the server
2026-07-08 10:36:15,623 [INFO] in application-akka.actor.default-dispatcher-5 - Starting the server
2026-07-08 10:38:02,288 [INFO] in application-akka.actor.default-dispatcher-8 - Starting the server
2026-07-08 10:43:42,117 [INFO] in application-akka.actor.default-dispatcher-5 - Starting the server
2026-07-08 10:49:06,249 [INFO] in application-akka.actor.default-dispatcher-8 - Starting the server
2026-07-08 10:49:43,303 [INFO] in application-akka.actor.default-dispatcher-8 - Starting the server
2026-07-08 10:52:06,971 [INFO] in application-akka.actor.default-dispatcher-5 - Starting the server
2026-07-08 10:59:44,011 [INFO] in application-akka.actor.default-dispatcher-7 - Starting the server
2026-07-08 11:05:39,886 [INFO] in application-akka.actor.default-dispatcher-8 - Starting the server
2026-07-08 11:06:09,941 [INFO] in application-akka.actor.default-dispatcher-7 - Starting the server
2026-07-08 11:08:48,373 [INFO] in application-akka.actor.default-dispatcher-4 - Starting the server
2026-07-08 11:14:58,923 [INFO] in application-akka.actor.default-dispatcher-5 - Starting the server
2026-07-08 11:23:02,734 [INFO] in application-akka.actor.default-dispatcher-8 - Starting the server
2026-07-08 11:24:00,992 [INFO] in application-akka.actor.default-dispatcher-8 - Starting the server
2026-07-08 11:44:48,619 [INFO] in application-akka.actor.default-dispatcher-8 - Starting the server
2026-07-08 11:49:53,935 [INFO] in application-akka.actor.default-dispatcher-7 - Starting the server
2026-07-08 11:58:19,910 [INFO] in application-akka.actor.default-dispatcher-8 - Starting the server
2026-07-08 13:13:45,697 [INFO] in application-akka.actor.default-dispatcher-5 - Starting the server
2026-07-08 13:20:15,120 [INFO] in application-akka.actor.default-dispatcher-8 - Starting the server
2026-07-08 14:31:35,020 [INFO] in application-akka.actor.default-dispatcher-7 - Starting the server
2026-07-08 14:34:45,679 [INFO] in application-akka.actor.default-dispatcher-8 - Starting the server
2026-07-08 14:44:17,454 [INFO] in application-akka.actor.default-dispatcher-6 - Starting the server
2026-07-08 14:50:03,518 [INFO] in application-akka.actor.default-dispatcher-8 - Starting the server
2026-07-08 14:55:12,078 [INFO] in application-akka.actor.default-dispatcher-8 - Starting the server
2026-07-08 14:56:10,967 [INFO] in application-akka.actor.default-dispatcher-4 - Starting the server
2026-07-08 14:58:18,453 [INFO] in application-akka.actor.default-dispatcher-8 - Starting the server
2026-07-08 15:03:02,231 [INFO] in application-akka.actor.default-dispatcher-8 - Starting the server
2026-07-08 15:06:21,126 [INFO] in application-akka.actor.default-dispatcher-5 - Starting the server
2026-07-08 15:09:48,413 [INFO] in application-akka.actor.default-dispatcher-7 - Starting the server
2026-07-08 15:32:10,260 [INFO] in application-akka.actor.default-dispatcher-5 - Starting the server
2026-07-08 15:37:57,983 [INFO] in application-akka.actor.default-dispatcher-7 - Starting the server
2026-07-08 17:43:11,874 [INFO] in application-akka.actor.default-dispatcher-9 - Starting the server
2026-07-08 17:57:34,523 [INFO] in application-akka.actor.default-dispatcher-10 - Starting the server
2026-07-09 09:08:42,490 [INFO] in application-akka.actor.default-dispatcher-7 - Starting the server
2026-07-09 10:34:35,845 [INFO] in application-akka.actor.default-dispatcher-5 - Starting the server
<<<<<<< HEAD
2026-07-09 11:26:43,570 [INFO] in application-akka.actor.default-dispatcher-8 - Starting the server
2026-07-09 11:27:48,560 [INFO] in application-akka.actor.default-dispatcher-6 - Starting the server
2026-07-09 11:30:49,561 [INFO] in application-akka.actor.default-dispatcher-5 - Starting the server
2026-07-09 11:32:14,346 [INFO] in application-akka.actor.default-dispatcher-8 - Starting the server
2026-07-09 11:32:59,967 [INFO] in application-akka.actor.default-dispatcher-7 - Starting the server
2026-07-09 11:34:00,829 [INFO] in application-akka.actor.default-dispatcher-8 - Starting the server
2026-07-09 11:34:50,577 [INFO] in application-akka.actor.default-dispatcher-7 - Starting the server
2026-07-09 11:35:37,767 [INFO] in application-akka.actor.default-dispatcher-7 - Starting the server
2026-07-09 11:36:18,423 [INFO] in application-akka.actor.default-dispatcher-8 - Starting the server
2026-07-09 11:40:42,748 [INFO] in application-akka.actor.default-dispatcher-8 - Starting the server
2026-07-09 11:47:17,014 [INFO] in application-akka.actor.default-dispatcher-7 - Starting the server
2026-07-09 11:49:30,311 [INFO] in application-akka.actor.default-dispatcher-7 - Starting the server
=======
2026-07-09 10:42:06,759 [INFO] in application-akka.actor.default-dispatcher-8 - Starting the server
2026-07-09 10:45:07,731 [INFO] in application-akka.actor.default-dispatcher-8 - Starting the server
2026-07-09 10:46:00,418 [INFO] in application-akka.actor.default-dispatcher-8 - Starting the server
2026-07-09 10:50:56,512 [INFO] in application-akka.actor.default-dispatcher-8 - Starting the server
2026-07-09 11:04:26,648 [INFO] in application-akka.actor.default-dispatcher-9 - Starting the server
2026-07-09 11:13:15,768 [INFO] in application-akka.actor.default-dispatcher-5 - Starting the server
>>>>>>> branch 'jpro' of https://github.com/hayakawa-rai/GameApplication.git
>>>>>>> branch 'master' of https://github.com/hayakawa-rai/GameApplication.git
