2026-07-10 17:44:42,785 [INFO] in scala-execution-context-global-49 - 残りのドット数: 299
2026-07-10 17:44:43,569 [INFO] in scala-execution-context-global-80 - 残りのドット数: 298
2026-07-10 17:44:43,809 [INFO] in scala-execution-context-global-80 - 残りのドット数: 297
2026-07-10 17:44:44,241 [INFO] in scala-execution-context-global-49 - 残りのドット数: 296
2026-07-10 17:44:44,481 [INFO] in scala-execution-context-global-80 - 残りのドット数: 295
2026-07-10 17:44:44,721 [INFO] in scala-execution-context-global-80 - 残りのドット数: 294
2026-07-10 17:44:44,961 [INFO] in scala-execution-context-global-80 - 残りのドット数: 293
2026-07-10 17:44:45,201 [INFO] in scala-execution-context-global-80 - 残りのドット数: 292
2026-07-10 17:44:45,441 [INFO] in scala-execution-context-global-80 - 残りのドット数: 291
2026-07-10 17:44:45,682 [INFO] in scala-execution-context-global-80 - 残りのドット数: 290
2026-07-10 17:44:45,921 [INFO] in scala-execution-context-global-49 - 残りのドット数: 289
2026-07-10 17:44:46,161 [INFO] in scala-execution-context-global-49 - 残りのドット数: 288
2026-07-10 17:44:46,401 [INFO] in scala-execution-context-global-80 - 残りのドット数: 287
2026-07-10 17:44:46,641 [INFO] in scala-execution-context-global-80 - 残りのドット数: 286
2026-07-10 17:44:46,881 [INFO] in scala-execution-context-global-80 - 残りのドット数: 285
2026-07-10 17:44:47,122 [INFO] in scala-execution-context-global-49 - 残りのドット数: 284
2026-07-10 17:44:47,361 [INFO] in scala-execution-context-global-49 - 残りのドット数: 283
2026-07-10 17:44:47,602 [INFO] in scala-execution-context-global-49 - 残りのドット数: 282
2026-07-10 17:44:47,842 [INFO] in scala-execution-context-global-80 - 残りのドット数: 281
2026-07-10 17:44:48,081 [INFO] in scala-execution-context-global-49 - 残りのドット数: 280
2026-07-10 17:44:48,321 [INFO] in scala-execution-context-global-80 - 残りのドット数: 279
2026-07-10 17:44:48,417 [INFO] in scala-execution-context-global-49 - CHASE開始
2026-07-10 17:44:48,561 [INFO] in scala-execution-context-global-49 - 残りのドット数: 278
2026-07-10 17:44:48,801 [INFO] in scala-execution-context-global-49 - 残りのドット数: 277
2026-07-10 17:44:49,041 [INFO] in scala-execution-context-global-49 - 残りのドット数: 276
2026-07-10 17:44:49,282 [INFO] in scala-execution-context-global-80 - 残りのドット数: 275
2026-07-10 17:44:49,522 [INFO] in scala-execution-context-global-49 - 残りのドット数: 274
2026-07-10 17:44:49,761 [INFO] in scala-execution-context-global-49 - 残りのドット数: 273
2026-07-10 17:44:50,001 [INFO] in scala-execution-context-global-49 - 残りのドット数: 272
2026-07-10 17:44:50,241 [INFO] in scala-execution-context-global-47 - 残りのドット数: 271
2026-07-10 17:44:50,481 [INFO] in scala-execution-context-global-47 - 残りのドット数: 270
2026-07-10 17:44:50,721 [INFO] in scala-execution-context-global-80 - 残りのドット数: 269
2026-07-10 17:44:50,962 [INFO] in scala-execution-context-global-47 - 残りのドット数: 268
2026-07-10 17:44:54,513 [INFO] in scala-execution-context-global-47 - 残りのドット数: 267
2026-07-10 17:44:54,753 [INFO] in scala-execution-context-global-80 - FEVER開始！
2026-07-10 17:44:54,768 [INFO] in scala-execution-context-global-80 - SE読込: /music/warp.mp3
2026-07-10 17:44:54,768 [INFO] in scala-execution-context-global-80 - URL = file:/C:/Users/EMD-569/git/GameApplication/target/classes/music/warp.mp3
2026-07-10 17:44:54,786 [INFO] in scala-execution-context-global-47 - SE読込: /music/enemydeadsound.mp3
2026-07-10 17:44:54,786 [INFO] in scala-execution-context-global-47 - URL = file:/C:/Users/EMD-569/git/GameApplication/target/classes/music/enemydeadsound.mp3
2026-07-10 17:44:54,796 [INFO] in scala-execution-context-global-47 - SE読込: /music/syujinkoudeadsound.mp3
2026-07-10 17:44:54,796 [INFO] in scala-execution-context-global-47 - URL = file:/C:/Users/EMD-569/git/GameApplication/target/classes/music/syujinkoudeadsound.mp3
2026-07-10 17:44:54,815 [INFO] in scala-execution-context-global-47 - SE読込: /music/fruiteatsound.mp3
2026-07-10 17:44:54,815 [INFO] in scala-execution-context-global-47 - URL = file:/C:/Users/EMD-569/git/GameApplication/target/classes/music/fruiteatsound.mp3
2026-07-10 17:44:54,827 [INFO] in scala-execution-context-global-80 - SE読込: /music/powerup.mp3
2026-07-10 17:44:54,827 [INFO] in scala-execution-context-global-80 - URL = file:/C:/Users/EMD-569/git/GameApplication/target/classes/music/powerup.mp3
2026-07-10 17:44:54,849 [INFO] in scala-execution-context-global-47 - SE読込: /music/gameover.mp3
2026-07-10 17:44:54,850 [INFO] in scala-execution-context-global-47 - URL = file:/C:/Users/EMD-569/git/GameApplication/target/classes/music/gameover.mp3
2026-07-10 17:44:54,866 [INFO] in scala-execution-context-global-47 - SE読込: /music/retry.mp3
2026-07-10 17:44:54,866 [INFO] in scala-execution-context-global-47 - URL = file:/C:/Users/EMD-569/git/GameApplication/target/classes/music/retry.mp3
2026-07-10 17:44:54,868 [INFO] in scala-execution-context-global-80 - SE読込: /music/select.mp3
2026-07-10 17:44:54,868 [INFO] in scala-execution-context-global-80 - URL = file:/C:/Users/EMD-569/git/GameApplication/target/classes/music/select.mp3
2026-07-10 17:44:54,869 [INFO] in scala-execution-context-global-47 - 残りのドット数: 266
2026-07-10 17:44:54,871 [INFO] in scala-execution-context-global-47 - [info] c.j.m.s.Util$ - workaround for image, lossless: true filetype: png img: javafx.scene.image.Image@4c7cb638
2026-07-10 17:44:54,898 [INFO] in scala-execution-context-global-47 - [info] c.j.m.s.Util$ - workaround for image, lossless: true filetype: png img: javafx.scene.image.Image@30872cc0
2026-07-10 17:44:54,917 [INFO] in scala-execution-context-global-47 - [info] c.j.m.s.Util$ - workaround for image, lossless: true filetype: png img: javafx.scene.image.Image@17728bd9
2026-07-10 17:44:54,938 [INFO] in scala-execution-context-global-47 - [info] c.j.m.s.Util$ - workaround for image, lossless: true filetype: png img: javafx.scene.image.Image@6656e992
2026-07-10 17:44:55,185 [INFO] in scala-execution-context-global-47 - 残りのドット数: 265
2026-07-10 17:44:55,348 [INFO] in scala-execution-context-global-47 - [info] c.j.m.s.Util$ - workaround for image, lossless: true filetype: png img: javafx.scene.image.Image@1b9c561
2026-07-10 17:44:55,395 [INFO] in scala-execution-context-global-47 - GRAPEが (19, 15) に出現しました！
2026-07-10 17:44:55,401 [INFO] in scala-execution-context-global-47 - [info] c.j.m.s.Util$ - workaround for image, lossless: true filetype: png img: javafx.scene.image.Image@28834cf1
2026-07-10 17:44:55,521 [INFO] in scala-execution-context-global-47 - 残りのドット数: 264
2026-07-10 17:44:56,129 [INFO] in scala-execution-context-global-47 - 残りのドット数: 263
2026-07-10 17:44:56,369 [INFO] in scala-execution-context-global-47 - 残りのドット数: 262
2026-07-10 17:44:56,609 [INFO] in scala-execution-context-global-80 - 残りのドット数: 261
2026-07-10 17:44:56,849 [INFO] in scala-execution-context-global-47 - 残りのドット数: 260
2026-07-10 17:44:57,089 [INFO] in scala-execution-context-global-49 - 残りのドット数: 259
2026-07-10 17:44:57,329 [INFO] in scala-execution-context-global-49 - 残りのドット数: 258
2026-07-10 17:44:57,569 [INFO] in scala-execution-context-global-80 - 残りのドット数: 257
2026-07-10 17:44:57,809 [INFO] in scala-execution-context-global-80 - 残りのドット数: 256
2026-07-10 17:44:58,049 [INFO] in scala-execution-context-global-47 - 残りのドット数: 255
2026-07-10 17:44:58,289 [INFO] in scala-execution-context-global-80 - 残りのドット数: 254
2026-07-10 17:44:58,468 [INFO] in scala-execution-context-global-80 - [info] c.j.m.s.Util$ - workaround for image, lossless: true filetype: png img: javafx.scene.image.Image@737f2259
2026-07-10 17:44:58,498 [INFO] in scala-execution-context-global-80 - [info] c.j.m.s.Util$ - workaround for image, lossless: true filetype: png img: javafx.scene.image.Image@307c4715
2026-07-10 17:44:58,545 [INFO] in scala-execution-context-global-80 - 残りのドット数: 253
2026-07-10 17:44:58,785 [INFO] in scala-execution-context-global-47 - 残りのドット数: 252
2026-07-10 17:44:58,962 [INFO] in scala-execution-context-global-47 - YellowEnemyが巣に帰還し、復活しました
2026-07-10 17:44:59,025 [INFO] in scala-execution-context-global-80 - 残りのドット数: 251
2026-07-10 17:44:59,266 [INFO] in scala-execution-context-global-80 - 残りのドット数: 250
2026-07-10 17:44:59,506 [INFO] in scala-execution-context-global-80 - 残りのドット数: 249
2026-07-10 17:44:59,745 [INFO] in scala-execution-context-global-47 - 残りのドット数: 248
2026-07-10 17:45:00,081 [INFO] in scala-execution-context-global-80 - 残りのドット数: 247
2026-07-10 17:45:00,273 [INFO] in scala-execution-context-global-47 - BlueEnemyが巣に帰還し、復活しました
2026-07-10 17:45:00,322 [INFO] in scala-execution-context-global-80 - 残りのドット数: 246
2026-07-10 17:45:00,337 [INFO] in scala-execution-context-global-80 - RedEnemyが巣に帰還し、復活しました
2026-07-10 17:45:01,917 [INFO] in scala-execution-context-global-47 - FEVER終了
2026-07-10 17:45:02,258 [INFO] in scala-execution-context-global-47 - 残りのドット数: 245
2026-07-10 17:45:02,498 [INFO] in scala-execution-context-global-47 - 残りのドット数: 244
2026-07-10 17:45:02,738 [INFO] in scala-execution-context-global-47 - 残りのドット数: 243
2026-07-10 17:45:02,978 [INFO] in scala-execution-context-global-47 - 残りのドット数: 242
2026-07-10 17:45:03,217 [INFO] in scala-execution-context-global-47 - 残りのドット数: 241
2026-07-10 17:45:03,458 [INFO] in scala-execution-context-global-49 - 残りのドット数: 240
2026-07-10 17:45:03,697 [INFO] in scala-execution-context-global-47 - 残りのドット数: 239
2026-07-10 17:45:03,937 [INFO] in scala-execution-context-global-80 - 残りのドット数: 238
2026-07-10 17:45:04,177 [INFO] in scala-execution-context-global-80 - 残りのドット数: 237
2026-07-10 17:45:05,043 [INFO] in scala-execution-context-global-80 - 残りのドット数: 236
2026-07-10 17:45:05,058 [INFO] in scala-execution-context-global-49 - フルーツが消えました
2026-07-10 17:45:05,282 [INFO] in scala-execution-context-global-80 - 残りのドット数: 235
2026-07-10 17:45:05,282 [INFO] in scala-execution-context-global-80 - ORANGEが (18, 12) に出現しました！
2026-07-10 17:45:05,287 [INFO] in scala-execution-context-global-49 - [info] c.j.m.s.Util$ - workaround for image, lossless: true filetype: png img: javafx.scene.image.Image@446333f2
2026-07-10 17:45:05,538 [INFO] in scala-execution-context-global-80 - 残りのドット数: 234
2026-07-10 17:45:05,777 [INFO] in scala-execution-context-global-80 - 残りのドット数: 233
2026-07-10 17:45:06,017 [INFO] in scala-execution-context-global-80 - 残りのドット数: 232
2026-07-10 17:45:06,257 [INFO] in scala-execution-context-global-80 - 残りのドット数: 231
2026-07-10 17:45:06,498 [INFO] in scala-execution-context-global-49 - 残りのドット数: 230
2026-07-10 17:45:06,801 [INFO] in scala-execution-context-global-80 - 残りのドット数: 229
2026-07-10 17:45:07,281 [INFO] in scala-execution-context-global-80 - 残りのドット数: 228
2026-07-10 17:45:07,522 [INFO] in scala-execution-context-global-49 - 残りのドット数: 227
2026-07-10 17:45:07,762 [INFO] in scala-execution-context-global-80 - 残りのドット数: 226
2026-07-10 17:45:08,417 [INFO] in scala-execution-context-global-47 - SCATTER開始
2026-07-10 17:45:08,449 [INFO] in scala-execution-context-global-47 - 残りのドット数: 225
2026-07-10 17:45:08,690 [INFO] in scala-execution-context-global-80 - 残りのドット数: 224
2026-07-10 17:45:10,225 [INFO] in scala-execution-context-global-80 - 残りのドット数: 223
2026-07-10 17:45:10,465 [INFO] in scala-execution-context-global-80 - 残りのドット数: 222
2026-07-10 17:45:11,427 [INFO] in scala-execution-context-global-80 - 残りのドット数: 221
2026-07-10 17:45:12,114 [INFO] in scala-execution-context-global-47 - 残りのドット数: 220
2026-07-10 17:45:12,353 [INFO] in scala-execution-context-global-47 - 残りのドット数: 219
2026-07-10 17:45:13,314 [INFO] in scala-execution-context-global-47 - 残りのドット数: 218
2026-07-10 17:45:13,554 [INFO] in scala-execution-context-global-47 - 残りのドット数: 217
2026-07-10 17:45:14,897 [INFO] in scala-execution-context-global-47 - フルーツが消えました
2026-07-10 17:45:15,425 [INFO] in scala-execution-context-global-80 - CHASE開始
2026-07-10 17:45:17,873 [INFO] in scala-execution-context-global-47 - 残りのドット数: 216
2026-07-10 17:45:18,113 [INFO] in scala-execution-context-global-80 - 残りのドット数: 215
2026-07-10 17:45:18,353 [INFO] in scala-execution-context-global-47 - 残りのドット数: 214
2026-07-10 17:45:19,089 [INFO] in scala-execution-context-global-80 - 残りのドット数: 213
2026-07-10 17:45:19,329 [INFO] in scala-execution-context-global-47 - 残りのドット数: 212
2026-07-10 17:45:19,569 [INFO] in scala-execution-context-global-80 - 残りのドット数: 211
2026-07-10 17:45:19,809 [INFO] in scala-execution-context-global-80 - 残りのドット数: 210
2026-07-10 17:45:20,049 [INFO] in scala-execution-context-global-47 - 残りのドット数: 209
2026-07-10 17:45:20,289 [INFO] in scala-execution-context-global-47 - STRAWBERRYが (17, 7) に出現しました！
2026-07-10 17:45:20,297 [INFO] in scala-execution-context-global-47 - [info] c.j.m.s.Util$ - workaround for image, lossless: true filetype: png img: javafx.scene.image.Image@69103f94
2026-07-10 17:45:21,265 [INFO] in scala-execution-context-global-47 - 残りのドット数: 208
2026-07-10 17:45:21,505 [INFO] in scala-execution-context-global-49 - 残りのドット数: 207
2026-07-10 17:45:21,745 [INFO] in scala-execution-context-global-49 - 残りのドット数: 206
2026-07-10 17:45:21,985 [INFO] in scala-execution-context-global-80 - 残りのドット数: 205
2026-07-10 17:45:22,225 [INFO] in scala-execution-context-global-80 - 残りのドット数: 204
2026-07-10 17:45:22,465 [INFO] in scala-execution-context-global-49 - 残りのドット数: 203
2026-07-10 17:45:23,089 [INFO] in scala-execution-context-global-49 - 残りのドット数: 202
2026-07-10 17:45:23,185 [INFO] in scala-execution-context-global-80 - 💥敵に捕まった！
2026-07-10 17:45:25,133 [INFO] in scala-execution-context-global-47 - ゲーム開始
2026-07-10 17:45:26,577 [INFO] in scala-execution-context-global-80 - 残りのドット数: 201
2026-07-10 17:45:26,817 [INFO] in scala-execution-context-global-47 - 残りのドット数: 200
2026-07-10 17:45:27,057 [INFO] in scala-execution-context-global-47 - 残りのドット数: 199
2026-07-10 17:45:27,299 [INFO] in scala-execution-context-global-80 - 残りのドット数: 198
2026-07-10 17:45:27,537 [INFO] in scala-execution-context-global-47 - 残りのドット数: 197
2026-07-10 17:45:27,780 [INFO] in scala-execution-context-global-49 - 残りのドット数: 196
2026-07-10 17:45:29,458 [INFO] in scala-execution-context-global-47 - 残りのドット数: 195
2026-07-10 17:45:31,154 [INFO] in scala-execution-context-global-80 - 残りのドット数: 194
2026-07-10 17:45:31,394 [INFO] in scala-execution-context-global-47 - 残りのドット数: 193
2026-07-10 17:45:31,634 [INFO] in scala-execution-context-global-47 - 残りのドット数: 192
2026-07-10 17:45:31,841 [INFO] in scala-execution-context-global-80 - フルーツが消えました
2026-07-10 17:45:31,873 [INFO] in scala-execution-context-global-80 - 残りのドット数: 191
2026-07-10 17:45:32,113 [INFO] in scala-execution-context-global-47 - 残りのドット数: 190
2026-07-10 17:45:32,145 [INFO] in scala-execution-context-global-80 - CHASE開始
2026-07-10 17:45:32,482 [INFO] in scala-execution-context-global-47 - 残りのドット数: 189
2026-07-10 17:45:32,721 [INFO] in scala-execution-context-global-80 - 残りのドット数: 188
2026-07-10 17:45:32,962 [INFO] in scala-execution-context-global-80 - 残りのドット数: 187
2026-07-10 17:45:33,201 [INFO] in scala-execution-context-global-80 - 残りのドット数: 186
2026-07-10 17:45:33,441 [INFO] in scala-execution-context-global-47 - 残りのドット数: 185
2026-07-10 17:45:33,681 [INFO] in scala-execution-context-global-47 - 残りのドット数: 184
2026-07-10 17:45:33,921 [INFO] in scala-execution-context-global-49 - FEVER開始！
2026-07-10 17:45:33,922 [INFO] in scala-execution-context-global-49 - 残りのドット数: 183
2026-07-10 17:45:34,161 [INFO] in scala-execution-context-global-47 - 残りのドット数: 182
2026-07-10 17:45:34,417 [INFO] in scala-execution-context-global-47 - 残りのドット数: 181
2026-07-10 17:45:35,265 [INFO] in scala-execution-context-global-80 - 残りのドット数: 180
2026-07-10 17:45:35,505 [INFO] in scala-execution-context-global-80 - 残りのドット数: 179
2026-07-10 17:45:35,746 [INFO] in scala-execution-context-global-47 - 残りのドット数: 178
2026-07-10 17:45:35,986 [INFO] in scala-execution-context-global-47 - 残りのドット数: 177
2026-07-10 17:45:36,225 [INFO] in scala-execution-context-global-47 - 残りのドット数: 176
2026-07-10 17:45:36,465 [INFO] in scala-execution-context-global-80 - 残りのドット数: 175
2026-07-10 17:45:36,706 [INFO] in scala-execution-context-global-80 - 残りのドット数: 174
2026-07-10 17:45:36,977 [INFO] in scala-execution-context-global-49 - 残りのドット数: 173
2026-07-10 17:45:37,218 [INFO] in scala-execution-context-global-47 - 残りのドット数: 172
2026-07-10 17:45:38,657 [INFO] in scala-execution-context-global-47 - 残りのドット数: 171
2026-07-10 17:45:40,146 [INFO] in scala-execution-context-global-49 - CHERRYが (17, 9) に出現しました！
2026-07-10 17:45:40,152 [INFO] in scala-execution-context-global-47 - [info] c.j.m.s.Util$ - workaround for image, lossless: true filetype: png img: javafx.scene.image.Image@2036d0be
2026-07-10 17:45:40,959 [INFO] in scala-execution-context-global-47 - FEVER終了
2026-07-10 17:45:41,537 [INFO] in scala-execution-context-global-47 - 残りのドット数: 170
2026-07-10 17:45:41,778 [INFO] in scala-execution-context-global-47 - 残りのドット数: 169
2026-07-10 17:45:42,018 [INFO] in scala-execution-context-global-49 - 残りのドット数: 168
2026-07-10 17:45:42,258 [INFO] in scala-execution-context-global-49 - 残りのドット数: 167
2026-07-10 17:45:42,497 [INFO] in scala-execution-context-global-47 - 残りのドット数: 166
2026-07-10 17:45:42,881 [INFO] in scala-execution-context-global-80 - 残りのドット数: 165
2026-07-10 17:45:43,123 [INFO] in scala-execution-context-global-47 - 残りのドット数: 164
2026-07-10 17:45:43,361 [INFO] in scala-execution-context-global-80 - 残りのドット数: 163
2026-07-10 17:45:44,802 [INFO] in scala-execution-context-global-49 - CHERRYを食べた！ +100点
2026-07-10 17:45:46,484 [INFO] in scala-execution-context-global-80 - 残りのドット数: 162
2026-07-10 17:45:46,721 [INFO] in scala-execution-context-global-80 - 残りのドット数: 161
2026-07-10 17:45:46,962 [INFO] in scala-execution-context-global-80 - 残りのドット数: 160
2026-07-10 17:45:47,203 [INFO] in scala-execution-context-global-49 - 残りのドット数: 159
2026-07-10 17:45:47,441 [INFO] in scala-execution-context-global-47 - 残りのドット数: 158
2026-07-10 17:45:47,681 [INFO] in scala-execution-context-global-47 - 残りのドット数: 157
2026-07-10 17:45:47,921 [INFO] in scala-execution-context-global-49 - 残りのドット数: 156
2026-07-10 17:45:48,402 [INFO] in scala-execution-context-global-47 - 残りのドット数: 155
2026-07-10 17:45:48,643 [INFO] in scala-execution-context-global-49 - 残りのドット数: 154
2026-07-10 17:45:48,881 [INFO] in scala-execution-context-global-47 - 残りのドット数: 153
2026-07-10 17:45:49,122 [INFO] in scala-execution-context-global-47 - 残りのドット数: 152
2026-07-10 17:45:49,362 [INFO] in scala-execution-context-global-47 - 残りのドット数: 151
2026-07-10 17:45:49,602 [INFO] in scala-execution-context-global-49 - 残りのドット数: 150
2026-07-10 17:45:49,843 [INFO] in scala-execution-context-global-47 - 残りのドット数: 149
2026-07-10 17:45:50,082 [INFO] in scala-execution-context-global-49 - 残りのドット数: 148
2026-07-10 17:45:50,321 [INFO] in scala-execution-context-global-47 - 残りのドット数: 147
2026-07-10 17:45:50,561 [INFO] in scala-execution-context-global-47 - 残りのドット数: 146
2026-07-10 17:45:51,281 [INFO] in scala-execution-context-global-47 - 残りのドット数: 145
2026-07-10 17:45:51,521 [INFO] in scala-execution-context-global-47 - 残りのドット数: 144
2026-07-10 17:45:51,762 [INFO] in scala-execution-context-global-80 - 残りのドット数: 143
2026-07-10 17:45:52,145 [INFO] in scala-execution-context-global-47 - SCATTER開始
2026-07-10 17:45:52,593 [INFO] in scala-execution-context-global-49 - 残りのドット数: 142
2026-07-10 17:45:52,833 [INFO] in scala-execution-context-global-47 - 残りのドット数: 141
2026-07-10 17:45:53,698 [INFO] in scala-execution-context-global-49 - 残りのドット数: 140
2026-07-10 17:45:53,937 [INFO] in scala-execution-context-global-80 - 残りのドット数: 139
2026-07-10 17:45:54,177 [INFO] in scala-execution-context-global-80 - 残りのドット数: 138
2026-07-10 17:45:54,417 [INFO] in scala-execution-context-global-49 - 残りのドット数: 137
2026-07-10 17:45:54,657 [INFO] in scala-execution-context-global-49 - 残りのドット数: 136
2026-07-10 17:45:54,898 [INFO] in scala-execution-context-global-80 - 残りのドット数: 135
2026-07-10 17:45:55,153 [INFO] in scala-execution-context-global-49 - CHERRYが (25, 20) に出現しました！
2026-07-10 17:45:56,097 [INFO] in scala-execution-context-global-80 - 残りのドット数: 134
2026-07-10 17:45:56,337 [INFO] in scala-execution-context-global-49 - 残りのドット数: 133
2026-07-10 17:45:56,577 [INFO] in scala-execution-context-global-49 - 残りのドット数: 132
2026-07-10 17:45:56,817 [INFO] in scala-execution-context-global-49 - 残りのドット数: 131
2026-07-10 17:45:57,058 [INFO] in scala-execution-context-global-80 - 残りのドット数: 130
2026-07-10 17:45:57,297 [INFO] in scala-execution-context-global-49 - 残りのドット数: 129
2026-07-10 17:45:57,681 [INFO] in scala-execution-context-global-49 - 残りのドット数: 128
2026-07-10 17:45:57,921 [INFO] in scala-execution-context-global-49 - 残りのドット数: 127
2026-07-10 17:45:58,161 [INFO] in scala-execution-context-global-49 - 残りのドット数: 126
2026-07-10 17:45:58,402 [INFO] in scala-execution-context-global-49 - 残りのドット数: 125
2026-07-10 17:45:58,642 [INFO] in scala-execution-context-global-47 - 残りのドット数: 124
2026-07-10 17:45:58,881 [INFO] in scala-execution-context-global-47 - 残りのドット数: 123
2026-07-10 17:45:59,121 [INFO] in scala-execution-context-global-47 - 残りのドット数: 122
2026-07-10 17:45:59,154 [INFO] in scala-execution-context-global-47 - CHASE開始
2026-07-10 17:45:59,365 [INFO] in scala-execution-context-global-49 - 残りのドット数: 121
2026-07-10 17:45:59,602 [INFO] in scala-execution-context-global-47 - 残りのドット数: 120
2026-07-10 17:45:59,984 [INFO] in scala-execution-context-global-47 - 残りのドット数: 119
2026-07-10 17:46:00,226 [INFO] in scala-execution-context-global-49 - 残りのドット数: 118
2026-07-10 17:46:00,466 [INFO] in scala-execution-context-global-47 - 残りのドット数: 117
2026-07-10 17:46:00,705 [INFO] in scala-execution-context-global-47 - 残りのドット数: 116
2026-07-10 17:46:00,945 [INFO] in scala-execution-context-global-80 - 残りのドット数: 115
2026-07-10 17:46:01,185 [INFO] in scala-execution-context-global-80 - 残りのドット数: 114
2026-07-10 17:46:01,425 [INFO] in scala-execution-context-global-47 - 残りのドット数: 113
2026-07-10 17:46:01,666 [INFO] in scala-execution-context-global-47 - 残りのドット数: 112
2026-07-10 17:46:01,905 [INFO] in scala-execution-context-global-80 - 残りのドット数: 111
2026-07-10 17:46:02,145 [INFO] in scala-execution-context-global-80 - 残りのドット数: 110
2026-07-10 17:46:04,754 [INFO] in scala-execution-context-global-47 - フルーツが消えました
2026-07-10 17:46:06,529 [INFO] in scala-execution-context-global-47 - 残りのドット数: 109
2026-07-10 17:46:06,769 [INFO] in scala-execution-context-global-80 - 残りのドット数: 108
2026-07-10 17:46:07,010 [INFO] in scala-execution-context-global-47 - 残りのドット数: 107
2026-07-10 17:46:07,249 [INFO] in scala-execution-context-global-47 - 残りのドット数: 106
2026-07-10 17:46:07,491 [INFO] in scala-execution-context-global-47 - 残りのドット数: 105
2026-07-10 17:46:07,729 [INFO] in scala-execution-context-global-80 - 残りのドット数: 104
2026-07-10 17:46:07,970 [INFO] in scala-execution-context-global-47 - 残りのドット数: 103
2026-07-10 17:46:10,162 [INFO] in scala-execution-context-global-80 - APPLEが (23, 7) に出現しました！
2026-07-10 17:46:10,168 [INFO] in scala-execution-context-global-80 - [info] c.j.m.s.Util$ - workaround for image, lossless: true filetype: png img: javafx.scene.image.Image@727b888d
2026-07-10 17:46:11,009 [INFO] in scala-execution-context-global-47 - 残りのドット数: 102
2026-07-10 17:46:11,249 [INFO] in scala-execution-context-global-80 - 残りのドット数: 101
2026-07-10 17:46:11,491 [INFO] in scala-execution-context-global-80 - 残りのドット数: 100
2026-07-10 17:46:11,728 [INFO] in scala-execution-context-global-47 - 残りのドット数: 99
2026-07-10 17:46:14,033 [INFO] in scala-execution-context-global-49 - 残りのドット数: 98
2026-07-10 17:46:14,275 [INFO] in scala-execution-context-global-47 - 残りのドット数: 97
2026-07-10 17:46:14,514 [INFO] in scala-execution-context-global-80 - 残りのドット数: 96
2026-07-10 17:46:14,753 [INFO] in scala-execution-context-global-80 - 残りのドット数: 95
2026-07-10 17:46:14,995 [INFO] in scala-execution-context-global-49 - 残りのドット数: 94
2026-07-10 17:46:15,233 [INFO] in scala-execution-context-global-49 - 残りのドット数: 93
2026-07-10 17:46:15,475 [INFO] in scala-execution-context-global-80 - 残りのドット数: 92
2026-07-10 17:46:15,713 [INFO] in scala-execution-context-global-49 - 残りのドット数: 91
2026-07-10 17:46:16,513 [INFO] in scala-execution-context-global-80 - 残りのドット数: 90
2026-07-10 17:46:16,753 [INFO] in scala-execution-context-global-80 - 残りのドット数: 89
2026-07-10 17:46:16,993 [INFO] in scala-execution-context-global-80 - 残りのドット数: 88
2026-07-10 17:46:18,418 [INFO] in scala-execution-context-global-80 - 残りのドット数: 87
2026-07-10 17:46:18,659 [INFO] in scala-execution-context-global-80 - 残りのドット数: 86
2026-07-10 17:46:18,898 [INFO] in scala-execution-context-global-80 - FEVER開始！
2026-07-10 17:46:18,899 [INFO] in scala-execution-context-global-80 - 残りのドット数: 85
2026-07-10 17:46:19,137 [INFO] in scala-execution-context-global-80 - 残りのドット数: 84
2026-07-10 17:46:19,169 [INFO] in scala-execution-context-global-80 - SCATTER開始
2026-07-10 17:46:19,810 [INFO] in scala-execution-context-global-49 - フルーツが消えました
2026-07-10 17:46:21,809 [INFO] in scala-execution-context-global-47 - 残りのドット数: 83
2026-07-10 17:46:22,049 [INFO] in scala-execution-context-global-80 - 残りのドット数: 82
2026-07-10 17:46:22,290 [INFO] in scala-execution-context-global-49 - 残りのドット数: 81
2026-07-10 17:46:22,481 [INFO] in scala-execution-context-global-80 - RedEnemyが巣に帰還し、復活しました
2026-07-10 17:46:22,529 [INFO] in scala-execution-context-global-49 - 残りのドット数: 80
2026-07-10 17:46:22,769 [INFO] in scala-execution-context-global-80 - 残りのドット数: 79
2026-07-10 17:46:23,009 [INFO] in scala-execution-context-global-80 - 残りのドット数: 78
2026-07-10 17:46:23,265 [INFO] in scala-execution-context-global-49 - 残りのドット数: 77
2026-07-10 17:46:24,705 [INFO] in scala-execution-context-global-80 - 残りのドット数: 76
2026-07-10 17:46:24,945 [INFO] in scala-execution-context-global-80 - 残りのドット数: 75
2026-07-10 17:46:25,169 [INFO] in scala-execution-context-global-80 - CHERRYが (28, 14) に出現しました！
2026-07-10 17:46:25,186 [INFO] in scala-execution-context-global-49 - 残りのドット数: 74
2026-07-10 17:46:25,426 [INFO] in scala-execution-context-global-80 - 残りのドット数: 73
2026-07-10 17:46:25,665 [INFO] in scala-execution-context-global-49 - 残りのドット数: 72
2026-07-10 17:46:25,933 [INFO] in scala-execution-context-global-80 - FEVER終了
2026-07-10 17:46:26,050 [INFO] in scala-execution-context-global-49 - 残りのドット数: 71
2026-07-10 17:46:26,178 [INFO] in scala-execution-context-global-49 - CHASE開始
2026-07-10 17:46:26,289 [INFO] in scala-execution-context-global-80 - 残りのドット数: 70
2026-07-10 17:46:26,529 [INFO] in scala-execution-context-global-80 - 残りのドット数: 69
2026-07-10 17:46:26,769 [INFO] in scala-execution-context-global-49 - 残りのドット数: 68
2026-07-10 17:46:27,090 [INFO] in scala-execution-context-global-80 - 残りのドット数: 67
2026-07-10 17:46:27,330 [INFO] in scala-execution-context-global-49 - 残りのドット数: 66
2026-07-10 17:46:27,569 [INFO] in scala-execution-context-global-49 - 残りのドット数: 65
2026-07-10 17:46:27,809 [INFO] in scala-execution-context-global-49 - 残りのドット数: 64
2026-07-10 17:46:28,050 [INFO] in scala-execution-context-global-49 - 残りのドット数: 63
2026-07-10 17:46:28,391 [INFO] in scala-execution-context-global-49 - 残りのドット数: 62
2026-07-10 17:46:28,624 [INFO] in scala-execution-context-global-49 - 残りのドット数: 61
2026-07-10 17:46:28,866 [INFO] in scala-execution-context-global-49 - 残りのドット数: 60
2026-07-10 17:46:30,562 [INFO] in scala-execution-context-global-47 - 💥敵に捕まった！
2026-07-10 17:46:32,260 [INFO] in scala-execution-context-global-47 - ゲーム開始
2026-07-10 17:46:36,481 [INFO] in scala-execution-context-global-49 - フルーツが消えました
2026-07-10 17:46:39,058 [INFO] in scala-execution-context-global-47 - 残りのドット数: 59
2026-07-10 17:46:39,265 [INFO] in scala-execution-context-global-49 - CHASE開始
2026-07-10 17:46:39,297 [INFO] in scala-execution-context-global-47 - 残りのドット数: 58
2026-07-10 17:46:39,538 [INFO] in scala-execution-context-global-47 - 残りのドット数: 57
2026-07-10 17:46:39,777 [INFO] in scala-execution-context-global-49 - 残りのドット数: 56
2026-07-10 17:46:40,017 [INFO] in scala-execution-context-global-49 - 残りのドット数: 55
2026-07-10 17:46:40,481 [INFO] in scala-execution-context-global-49 - 💥敵に捕まった！
2026-07-10 17:46:41,487 [INFO] in scala-execution-context-global-47 - 💀 敵に捕まりました...ゲームオーバー画面へ遷移します。
2026-07-10 17:46:41,531 [INFO] in scala-execution-context-global-49 - [info] c.j.m.s.Util$ - workaround for image, lossless: true filetype: png img: javafx.scene.image.Image@6473b536
2026-07-10 17:46:41,548 [INFO] in scala-execution-context-global-49 - [info] c.j.m.s.Util$ - workaround for image, lossless: true filetype: png img: javafx.scene.image.Image@4666135c
2026-07-10 17:46:41,648 [INFO] in scala-execution-context-global-49 - [info] com.jpro.JS - received msg: new MainID: 9337 userid: 2035713515
2026-07-10 17:46:41,679 [INFO] in scala-execution-context-global-49 - [error] com.jpro.JS - received msg: Unexpected exception: DLinearGradient((0,0),(0,1),true,DCycle_NO_CYCLE,List((0,RGBA(1,0.37254902720451355,0.37254902720451355,1)), (1,RGBA(0.7764706015586853,0.1568627506494522,0.1568627506494522,1)))) (of class p.Data$DLinearGradient)
2026-07-10 17:46:41,679 [INFO] in scala-execution-context-global-49 - [error] com.jpro.JS - received msg: Unexpected exception: DLinearGradient((0,0),(0,1),true,DCycle_NO_CYCLE,List((0,RGBA(1,0.37254902720451355,0.37254902720451355,1)), (1,RGBA(0.7764706015586853,0.1568627506494522,0.1568627506494522,1)))) (of class p.Data$DLinearGradient)
2026-07-10 17:46:46,402 [INFO] in scala-execution-context-global-47 - 【成功】フォントを読み込みました。名前: PixelMplus12 Regular
2026-07-10 17:46:46,510 [INFO] in scala-execution-context-global-47 - [info] com.jpro.JS - received msg: new MainID: 9980 userid: 2035713515
2026-07-10 17:46:57,530 [INFO] in scala-execution-context-global-47 - [info] c.j.m.s.Util$ - workaround for image, lossless: true filetype: png img: javafx.scene.image.Image@5d1bca29
2026-07-10 17:46:57,594 [INFO] in scala-execution-context-global-47 - [info] c.j.m.s.Util$ - workaround for image, lossless: true filetype: png img: javafx.scene.image.Image@38ee26d2
2026-07-10 17:46:57,630 [INFO] in scala-execution-context-global-47 - [info] c.j.m.s.Util$ - workaround for image, lossless: true filetype: png img: javafx.scene.image.Image@7a08402
2026-07-10 17:46:57,694 [INFO] in scala-execution-context-global-47 - [info] c.j.m.s.Util$ - workaround for image, lossless: true filetype: png img: javafx.scene.image.Image@14222202
2026-07-10 17:46:58,094 [INFO] in scala-execution-context-global-47 - [info] c.j.m.s.Util$ - workaround for image, lossless: true filetype: png img: javafx.scene.image.Image@3d696a1a
2026-07-10 17:46:58,179 [INFO] in scala-execution-context-global-47 - [info] com.jpro.JS - received msg: new MainID: 10467 userid: 2035713515
2026-07-10 17:47:06,184 [INFO] in scala-execution-context-global-47 - FEVER画像読込成功: /picture/nari_EnemyFever.png
2026-07-10 17:47:06,187 [INFO] in scala-execution-context-global-47 - DEAD画像読込成功: /picture/nari_EnemyDead.png
2026-07-10 17:47:06,191 [INFO] in scala-execution-context-global-47 - 【成功】ステージ1用の画像を読み込みました！
2026-07-10 17:47:06,195 [INFO] in scala-execution-context-global-47 - FEVER画像読込成功: /picture/nari_EnemyFever.png
2026-07-10 17:47:06,198 [INFO] in scala-execution-context-global-47 - DEAD画像読込成功: /picture/nari_EnemyDead.png
2026-07-10 17:47:06,202 [INFO] in scala-execution-context-global-47 - 【成功】ステージ1用の画像を読み込みました！
2026-07-10 17:47:06,205 [INFO] in scala-execution-context-global-47 - FEVER画像読込成功: /picture/nari_EnemyFever.png
2026-07-10 17:47:06,209 [INFO] in scala-execution-context-global-47 - DEAD画像読込成功: /picture/nari_EnemyDead.png
2026-07-10 17:47:06,213 [INFO] in scala-execution-context-global-47 - 【成功】ステージ1用の画像を読み込みました！
2026-07-10 17:47:06,217 [INFO] in scala-execution-context-global-47 - FEVER画像読込成功: /picture/nari_EnemyFever.png
2026-07-10 17:47:06,219 [INFO] in scala-execution-context-global-47 - DEAD画像読込成功: /picture/nari_EnemyDead.png
2026-07-10 17:47:06,223 [INFO] in scala-execution-context-global-47 - 【成功】ステージ1用の画像を読み込みました！
2026-07-10 17:47:06,244 [INFO] in scala-execution-context-global-47 - FEVER画像読込成功: /picture/nari_EnemyFever.png
2026-07-10 17:47:06,246 [INFO] in scala-execution-context-global-47 - DEAD画像読込成功: /picture/nari_EnemyDead.png
2026-07-10 17:47:06,250 [INFO] in scala-execution-context-global-47 - 【成功】ステージ1用の画像を読み込みました！
2026-07-10 17:47:06,253 [INFO] in scala-execution-context-global-47 - FEVER画像読込成功: /picture/nari_EnemyFever.png
2026-07-10 17:47:06,255 [INFO] in scala-execution-context-global-47 - DEAD画像読込成功: /picture/nari_EnemyDead.png
2026-07-10 17:47:06,258 [INFO] in scala-execution-context-global-47 - 【成功】ステージ1用の画像を読み込みました！
2026-07-10 17:47:06,261 [INFO] in scala-execution-context-global-47 - FEVER画像読込成功: /picture/nari_EnemyFever.png
2026-07-10 17:47:06,263 [INFO] in scala-execution-context-global-47 - DEAD画像読込成功: /picture/nari_EnemyDead.png
2026-07-10 17:47:06,267 [INFO] in scala-execution-context-global-47 - 【成功】ステージ1用の画像を読み込みました！
2026-07-10 17:47:06,270 [INFO] in scala-execution-context-global-47 - FEVER画像読込成功: /picture/nari_EnemyFever.png
2026-07-10 17:47:06,272 [INFO] in scala-execution-context-global-47 - DEAD画像読込成功: /picture/nari_EnemyDead.png
2026-07-10 17:47:06,275 [INFO] in scala-execution-context-global-47 - 【成功】ステージ1用の画像を読み込みました！
2026-07-10 17:47:06,284 [INFO] in scala-execution-context-global-47 - [info] c.j.m.s.Util$ - workaround for image, lossless: true filetype: png img: javafx.scene.image.Image@1cf8fe57
2026-07-10 17:47:06,337 [INFO] in scala-execution-context-global-47 - 残りのドット数: 305
2026-07-10 17:47:06,341 [INFO] in scala-execution-context-global-47 - [info] c.j.m.s.Util$ - workaround for image, lossless: true filetype: png img: javafx.scene.image.Image@66a8b6ca
2026-07-10 17:47:06,362 [INFO] in scala-execution-context-global-47 - [info] c.j.m.s.Util$ - workaround for image, lossless: true filetype: png img: javafx.scene.image.Image@7bdcdcb9
2026-07-10 17:47:06,398 [INFO] in scala-execution-context-global-47 - [info] c.j.m.s.Util$ - workaround for image, lossless: true filetype: png img: javafx.scene.image.Image@757562af
2026-07-10 17:47:06,433 [INFO] in scala-execution-context-global-47 - [info] c.j.m.s.Util$ - workaround for image, lossless: true filetype: png img: javafx.scene.image.Image@2da8781b
2026-07-10 17:47:06,468 [INFO] in scala-execution-context-global-47 - [info] c.j.m.s.Util$ - workaround for image, lossless: true filetype: png img: javafx.scene.image.Image@1ed73976
2026-07-10 17:47:06,509 [INFO] in scala-execution-context-global-47 - [info] c.j.m.s.Util$ - workaround for image, lossless: true filetype: png img: javafx.scene.image.Image@38b46981
2026-07-10 17:47:06,530 [INFO] in scala-execution-context-global-47 - [info] c.j.m.s.Util$ - workaround for image, lossless: true filetype: png img: javafx.scene.image.Image@1f7404a8
2026-07-10 17:47:06,552 [INFO] in scala-execution-context-global-47 - [info] c.j.m.s.Util$ - workaround for image, lossless: true filetype: png img: javafx.scene.image.Image@9fcc407
2026-07-10 17:47:06,576 [INFO] in scala-execution-context-global-47 - [info] c.j.m.s.Util$ - workaround for image, lossless: true filetype: png img: javafx.scene.image.Image@5c7539a6
2026-07-10 17:47:06,701 [INFO] in scala-execution-context-global-47 - [info] com.jpro.JS - received msg: new MainID: 10745 userid: 2035713515
2026-07-10 17:47:08,941 [INFO] in scala-execution-context-global-49 - ゲーム開始
2026-07-10 17:47:09,057 [INFO] in scala-execution-context-global-47 - 残りのドット数: 304
2026-07-10 17:47:09,297 [INFO] in scala-execution-context-global-49 - 残りのドット数: 303
2026-07-10 17:47:09,538 [INFO] in scala-execution-context-global-47 - 残りのドット数: 302
2026-07-10 17:47:09,777 [INFO] in scala-execution-context-global-49 - 残りのドット数: 301
2026-07-10 17:47:10,017 [INFO] in scala-execution-context-global-49 - 残りのドット数: 300
2026-07-10 17:47:10,257 [INFO] in scala-execution-context-global-47 - 残りのドット数: 299
2026-07-10 17:47:10,497 [INFO] in scala-execution-context-global-47 - 残りのドット数: 298
2026-07-10 17:47:10,737 [INFO] in scala-execution-context-global-49 - 残りのドット数: 297
2026-07-10 17:47:10,977 [INFO] in scala-execution-context-global-47 - 残りのドット数: 296
2026-07-10 17:47:11,217 [INFO] in scala-execution-context-global-49 - 残りのドット数: 295
2026-07-10 17:47:11,458 [INFO] in scala-execution-context-global-47 - 残りのドット数: 294
2026-07-10 17:47:11,699 [INFO] in scala-execution-context-global-49 - 残りのドット数: 293
2026-07-10 17:47:11,937 [INFO] in scala-execution-context-global-80 - 残りのドット数: 292
2026-07-10 17:47:12,178 [INFO] in scala-execution-context-global-80 - 残りのドット数: 291
2026-07-10 17:47:12,417 [INFO] in scala-execution-context-global-49 - 残りのドット数: 290
2026-07-10 17:47:12,657 [INFO] in scala-execution-context-global-80 - 残りのドット数: 289
2026-07-10 17:47:12,897 [INFO] in scala-execution-context-global-49 - 残りのドット数: 288
2026-07-10 17:47:13,137 [INFO] in scala-execution-context-global-49 - 残りのドット数: 287
2026-07-10 17:47:13,604 [INFO] in scala-execution-context-global-80 - 残りのドット数: 286
2026-07-10 17:47:13,841 [INFO] in scala-execution-context-global-80 - 残りのドット数: 285
2026-07-10 17:47:14,563 [INFO] in scala-execution-context-global-49 - 残りのドット数: 284
2026-07-10 17:47:14,802 [INFO] in scala-execution-context-global-80 - 残りのドット数: 283
2026-07-10 17:47:15,042 [INFO] in scala-execution-context-global-49 - 残りのドット数: 282
2026-07-10 17:47:15,281 [INFO] in scala-execution-context-global-80 - 残りのドット数: 281
2026-07-10 17:47:15,521 [INFO] in scala-execution-context-global-80 - 残りのドット数: 280
2026-07-10 17:47:15,761 [INFO] in scala-execution-context-global-49 - 残りのドット数: 279
2026-07-10 17:47:15,953 [INFO] in scala-execution-context-global-49 - CHASE開始
2026-07-10 17:47:16,001 [INFO] in scala-execution-context-global-80 - 残りのドット数: 278
2026-07-10 17:47:16,241 [INFO] in scala-execution-context-global-80 - 残りのドット数: 277
2026-07-10 17:47:16,481 [INFO] in scala-execution-context-global-49 - 残りのドット数: 276
2026-07-10 17:47:16,721 [INFO] in scala-execution-context-global-80 - 残りのドット数: 275
2026-07-10 17:47:16,962 [INFO] in scala-execution-context-global-80 - 残りのドット数: 274
2026-07-10 17:47:19,250 [INFO] in scala-execution-context-global-80 - 残りのドット数: 273
2026-07-10 17:47:19,489 [INFO] in scala-execution-context-global-47 - 残りのドット数: 272
2026-07-10 17:47:19,729 [INFO] in scala-execution-context-global-47 - 残りのドット数: 271
2026-07-10 17:47:19,969 [INFO] in scala-execution-context-global-80 - 残りのドット数: 270
2026-07-10 17:47:20,209 [INFO] in scala-execution-context-global-47 - 残りのドット数: 269
2026-07-10 17:47:20,449 [INFO] in scala-execution-context-global-47 - 残りのドット数: 268
2026-07-10 17:47:20,690 [INFO] in scala-execution-context-global-80 - 残りのドット数: 267
2026-07-10 17:47:20,929 [INFO] in scala-execution-context-global-80 - 残りのドット数: 266
2026-07-10 17:47:21,169 [INFO] in scala-execution-context-global-80 - 残りのドット数: 265
2026-07-10 17:47:21,313 [INFO] in scala-execution-context-global-80 - 💥敵に捕まった！
2026-07-10 17:47:24,175 [INFO] in scala-execution-context-global-47 - タイトル画面へ戻ります
2026-07-10 17:47:24,200 [INFO] in scala-execution-context-global-47 - ② timer停止
2026-07-10 17:47:24,220 [INFO] in scala-execution-context-global-47 - 【成功】フォントを読み込みました。名前: PixelMplus12 Regular
2026-07-10 17:47:24,287 [INFO] in scala-execution-context-global-47 - [info] com.jpro.JS - received msg: new MainID: 12493 userid: 2035713515
2026-07-10 17:47:25,987 [INFO] in scala-execution-context-global-80 - [info] com.jpro.JS - received msg: new MainID: 13564 userid: 2035713515
2026-07-10 17:55:15,490 [INFO] in scala-execution-context-global-47 - [info] c.j.i.s.Initializer$ - redirected OUT / ERR
2026-07-10 17:55:15,491 [INFO] in scala-execution-context-global-47 - [info] c.j.i.s.Initializer$ - installed SLF4JBridge
2026-07-10 17:55:15,546 [INFO] in scala-execution-context-global-50 - [warn] javafx - Unsupported JavaFX configuration: classes were loaded from 'unnamed module @37c237eb'
2026-07-10 17:55:15,926 [INFO] in scala-execution-context-global-50 - [info] c.j.i.s.Initializer$ - JavaFX version: 18.0.1-jpro+0-2022-04-04-072947
2026-07-10 17:55:15,949 [INFO] in scala-execution-context-global-50 - [info] c.j.i.s.Initializer$ - finished init!
2026-07-10 17:55:16,256 [INFO] in scala-execution-context-global-50 - [info] c.jpro - application requested: default
2026-07-10 17:55:16,263 [INFO] in scala-execution-context-global-50 - [info] c.jpro - Creating Application: default
2026-07-10 17:55:16,264 [INFO] in scala-execution-context-global-50 - [info] c.jpro - remoteAddress 0:0:0:0:0:0:0:1
2026-07-10 17:55:16,266 [INFO] in scala-execution-context-global-50 - [info] c.jpro - host          localhost:8080
2026-07-10 17:55:16,266 [INFO] in scala-execution-context-global-50 - [info] c.jpro - uri           /app/ws/default
2026-07-10 17:55:16,605 [INFO] in scala-execution-context-global-50 - 【成功】フォントを読み込みました。名前: PixelMplus12 Regular
2026-07-10 17:55:17,347 [INFO] in scala-execution-context-global-50 - [info] com.jpro.JS - received msg: new MainID: 437 userid: 1242187895
2026-07-10 17:55:17,382 [INFO] in scala-execution-context-global-50 - [info] c.jpro - application requested: 1377200584!default
2026-07-10 17:55:17,383 [INFO] in scala-execution-context-global-50 - [info] c.jpro - Creating Application: 1377200584!default
2026-07-10 17:55:17,384 [INFO] in scala-execution-context-global-50 - [info] c.jpro - remoteAddress 192.168.24.97
2026-07-10 17:55:17,385 [INFO] in scala-execution-context-global-50 - [info] c.jpro - host          192.168.24.180:8080
2026-07-10 17:55:17,386 [INFO] in scala-execution-context-global-47 - [info] c.jpro - uri           /app/ws/1377200584!default
2026-07-10 17:55:17,423 [INFO] in scala-execution-context-global-80 - 【成功】フォントを読み込みました。名前: PixelMplus12 Regular
2026-07-10 17:55:17,502 [INFO] in scala-execution-context-global-47 - [info] com.jpro.JS - received msg: new MainID: 437 userid: 642006951
2026-07-10 17:55:19,935 [INFO] in scala-execution-context-global-47 - [info] com.jpro.JS - received msg: new MainID: 1661 userid: 642006951
2026-07-10 17:55:27,427 [INFO] in scala-execution-context-global-47 - 【成功】フォントを読み込みました。名前: PixelMplus12 Regular
2026-07-10 17:55:27,521 [INFO] in scala-execution-context-global-80 - [info] com.jpro.JS - received msg: new MainID: 3532 userid: 642006951
2026-07-10 17:55:32,359 [INFO] in scala-execution-context-global-80 - [info] com.jpro.JS - received msg: new MainID: 4447 userid: 642006951
2026-07-10 17:55:46,916 [INFO] in scala-execution-context-global-47 - 【成功】フォントを読み込みました。名前: PixelMplus12 Regular
2026-07-10 17:55:46,990 [INFO] in scala-execution-context-global-47 - [info] com.jpro.JS - received msg: new MainID: 6621 userid: 642006951
2026-07-10 17:55:49,215 [ERROR] in scala-execution-context-global-80 - java.lang.NullPointerException: Cannot invoke "javafx.stage.Window.getProperties()" because "$this" is null
2026-07-10 17:55:49,216 [ERROR] in scala-execution-context-global-80 - 	at simplefx.cores.interfaces.parts.javafx.AllowsExtensionWindow$.extensionMap$extension(CoreJavaFXExtensionSupport.scala:18)
2026-07-10 17:55:49,216 [ERROR] in scala-execution-context-global-80 - 	at com.jpro.meta.stream.Util$.toExtWindow(Util.scala:720)
2026-07-10 17:55:49,216 [ERROR] in scala-execution-context-global-47 - 	at com.jpro.meta.tk.SceneInputListener.getWindowOfInputInWindow$1(SceneInputListener.scala:122)
2026-07-10 17:55:49,216 [ERROR] in scala-execution-context-global-47 - 	at com.jpro.meta.tk.SceneInputListener.getWindowOfInput$1(SceneInputListener.scala:139)
2026-07-10 17:55:49,216 [ERROR] in scala-execution-context-global-47 - 	at com.jpro.meta.tk.SceneInputListener.processInput(SceneInputListener.scala:177)
2026-07-10 17:55:49,216 [ERROR] in scala-execution-context-global-47 - 	at com.jpro.meta.tk.SceneInputListener.$anonfun$new$5(SceneInputListener.scala:49)
2026-07-10 17:55:49,217 [ERROR] in scala-execution-context-global-47 - 	at simplefx.cores.interfaces.parts.CoreTypesDisposer$Disposer$$anon$1.dispose(CoreTypesDisposer.scala:20)
2026-07-10 17:55:49,217 [ERROR] in scala-execution-context-global-47 - 	at simplefx.cores.interfaces.parts.CoreTypesDisposer$ListDisposer.$anonfun$dispose$1(CoreTypesDisposer.scala:29)
2026-07-10 17:55:49,217 [ERROR] in scala-execution-context-global-47 - 	at simplefx.cores.interfaces.parts.CoreTypesDisposer$ListDisposer.$anonfun$dispose$1$adapted(CoreTypesDisposer.scala:29)
2026-07-10 17:55:49,217 [ERROR] in scala-execution-context-global-47 - 	at scala.collection.immutable.List.foreach(List.scala:431)
2026-07-10 17:55:49,217 [ERROR] in scala-execution-context-global-47 - 	at simplefx.cores.interfaces.parts.CoreTypesDisposer$ListDisposer.dispose(CoreTypesDisposer.scala:29)
2026-07-10 17:55:49,217 [ERROR] in scala-execution-context-global-47 - 	at simplefx.cores.interfaces.parts.CoreImply$ImplyOperatorForEvent.$anonfun$$eq$eq$greater$4(CoreImply.scala:20)
2026-07-10 17:55:49,217 [ERROR] in scala-execution-context-global-47 - 	at simplefx.cores.standard.parts.CoreTypesBindable$BindableImpl.$anonfun$triggerOnChange$3(CoreTypesBindable.scala:208)
2026-07-10 17:55:49,217 [ERROR] in scala-execution-context-global-47 - 	at simplefx.cores.standard.parts.CoreScheduler.runSchedulerImpl(CoreScheduler.scala:73)
2026-07-10 17:55:49,217 [ERROR] in scala-execution-context-global-47 - 	at simplefx.cores.standard.parts.CoreScheduler.runSchedulerImpl$(CoreScheduler.scala:52)
2026-07-10 17:55:49,217 [ERROR] in scala-execution-context-global-80 - 	at simplefx.cores.standard.Core.runSchedulerImpl(Core.scala:9)
2026-07-10 17:55:49,217 [ERROR] in scala-execution-context-global-80 - 	at simplefx.cores.standard.parts.CoreScheduler.tryStartSchedulerStop(CoreScheduler.scala:44)
2026-07-10 17:55:49,217 [ERROR] in scala-execution-context-global-50 - 	at simplefx.cores.standard.parts.CoreScheduler.tryStartSchedulerStop$(CoreScheduler.scala:42)
2026-07-10 17:55:49,217 [ERROR] in scala-execution-context-global-50 - 	at simplefx.cores.standard.Core.tryStartSchedulerStop(Core.scala:9)
2026-07-10 17:55:49,217 [ERROR] in scala-execution-context-global-50 - 	at simplefx.cores.interfaces.parts.javafx.CoreJavaFXBindable$$anon$2.changed(CoreJavaFXBindable.scala:52)
2026-07-10 17:55:49,217 [ERROR] in scala-execution-context-global-50 - 	at com.sun.javafx.binding.ExpressionHelper$Generic.fireValueChangedEvent(ExpressionHelper.java:360)
2026-07-10 17:55:49,217 [ERROR] in scala-execution-context-global-50 - 	at com.sun.javafx.binding.ExpressionHelper.fireValueChangedEvent(ExpressionHelper.java:80)
2026-07-10 17:55:49,218 [ERROR] in scala-execution-context-global-50 - 	at javafx.beans.property.ReadOnlyObjectPropertyBase.fireValueChangedEvent(ReadOnlyObjectPropertyBase.java:80)
2026-07-10 17:55:49,218 [ERROR] in scala-execution-context-global-50 - 	at javafx.beans.property.ReadOnlyObjectWrapper.fireValueChangedEvent(ReadOnlyObjectWrapper.java:102)
2026-07-10 17:55:49,218 [ERROR] in scala-execution-context-global-50 - 	at javafx.beans.property.ObjectPropertyBase.markInvalid(ObjectPropertyBase.java:113)
2026-07-10 17:55:49,218 [ERROR] in scala-execution-context-global-50 - 	at javafx.beans.property.ObjectPropertyBase.set(ObjectPropertyBase.java:147)
2026-07-10 17:55:49,218 [ERROR] in scala-execution-context-global-50 - 	at javafx.stage.Window.setScene(Window.java:823)
2026-07-10 17:55:49,218 [ERROR] in scala-execution-context-global-50 - 	at javafx.stage.Stage.setScene(Stage.java:270)
2026-07-10 17:55:49,218 [ERROR] in scala-execution-context-global-50 - 	at start.Help.start(Help.java:221)
2026-07-10 17:55:49,218 [ERROR] in scala-execution-context-global-50 - 	at control.GameController.switchToHelp(GameController.java:444)
2026-07-10 17:55:49,218 [ERROR] in scala-execution-context-global-50 - 	at start.Start.lambda$start$6(Start.java:281)
2026-07-10 17:55:49,218 [ERROR] in scala-execution-context-global-50 - 	at com.sun.scenario.animation.shared.TimelineClipCore.visitKeyFrame(TimelineClipCore.java:239)
2026-07-10 17:55:49,218 [ERROR] in scala-execution-context-global-50 - 	at com.sun.scenario.animation.shared.TimelineClipCore.playTo(TimelineClipCore.java:180)
2026-07-10 17:55:49,218 [ERROR] in scala-execution-context-global-50 - 	at javafx.animation.Timeline.doPlayTo(Timeline.java:172)
2026-07-10 17:55:49,218 [ERROR] in scala-execution-context-global-50 - 	at javafx.animation.AnimationAccessorImpl.playTo(AnimationAccessorImpl.java:39)
2026-07-10 17:55:49,218 [ERROR] in scala-execution-context-global-50 - 	at com.sun.scenario.animation.shared.SingleLoopClipEnvelope.timePulse(SingleLoopClipEnvelope.java:103)
2026-07-10 17:55:49,219 [ERROR] in scala-execution-context-global-80 - 	at javafx.animation.Animation.doTimePulse(Animation.java:1189)
2026-07-10 17:55:49,219 [ERROR] in scala-execution-context-global-80 - 	at javafx.animation.Animation$1.lambda$timePulse$0(Animation.java:207)
2026-07-10 17:55:49,219 [ERROR] in scala-execution-context-global-80 - 	at java.base/java.security.AccessController.doPrivileged(AccessController.java:399)
2026-07-10 17:55:49,219 [ERROR] in scala-execution-context-global-80 - 	at javafx.animation.Animation$1.timePulse(Animation.java:206)
2026-07-10 17:55:49,219 [ERROR] in scala-execution-context-global-80 - 	at com.sun.scenario.animation.AbstractPrimaryTimer.timePulseImpl(AbstractPrimaryTimer.java:343)
2026-07-10 17:55:49,219 [ERROR] in scala-execution-context-global-80 - 	at com.sun.scenario.animation.AbstractPrimaryTimer$MainLoop.run(AbstractPrimaryTimer.java:266)
2026-07-10 17:55:49,219 [ERROR] in scala-execution-context-global-80 - 	at com.sun.javafx.tk.quantum.QuantumToolkit.pulse(QuantumToolkit.java:581)
2026-07-10 17:55:49,219 [ERROR] in scala-execution-context-global-80 - 	at com.sun.javafx.tk.quantum.QuantumToolkit.pulse(QuantumToolkit.java:565)
2026-07-10 17:55:49,219 [ERROR] in scala-execution-context-global-80 - 	at com.sun.javafx.tk.quantum.QuantumToolkit.pulseFromQueue(QuantumToolkit.java:558)
2026-07-10 17:55:49,220 [ERROR] in scala-execution-context-global-80 - 	at com.sun.javafx.tk.quantum.QuantumToolkit.lambda$runToolkit$12(QuantumToolkit.java:358)
2026-07-10 17:55:49,220 [ERROR] in scala-execution-context-global-80 - 	at com.sun.glass.ui.monocle.RunnableProcessor.runLoop(RunnableProcessor.java:92)
2026-07-10 17:55:49,220 [ERROR] in scala-execution-context-global-80 - 	at com.sun.glass.ui.monocle.RunnableProcessor.run(RunnableProcessor.java:51)
2026-07-10 17:55:49,220 [ERROR] in scala-execution-context-global-50 - 	at java.base/java.lang.Thread.run(Thread.java:840)
2026-07-10 17:55:49,238 [INFO] in scala-execution-context-global-50 - [info] com.jpro.JS - received msg: new MainID: 1661 userid: 1242187895
2026-07-10 17:55:52,270 [INFO] in scala-execution-context-global-424 - 【成功】フォントを読み込みました。名前: PixelMplus12 Regular
2026-07-10 17:55:52,319 [ERROR] in scala-execution-context-global-424 - java.lang.NullPointerException: Cannot invoke "javafx.stage.Window.getProperties()" because "$this" is null
2026-07-10 17:55:52,319 [ERROR] in scala-execution-context-global-424 - 	at simplefx.cores.interfaces.parts.javafx.AllowsExtensionWindow$.extensionMap$extension(CoreJavaFXExtensionSupport.scala:18)
2026-07-10 17:55:52,319 [ERROR] in scala-execution-context-global-424 - 	at com.jpro.meta.stream.Util$.toExtWindow(Util.scala:720)
2026-07-10 17:55:52,319 [ERROR] in scala-execution-context-global-424 - 	at com.jpro.meta.tk.SceneInputListener.getWindowOfInputInWindow$1(SceneInputListener.scala:122)
2026-07-10 17:55:52,319 [ERROR] in scala-execution-context-global-424 - 	at com.jpro.meta.tk.SceneInputListener.getWindowOfInput$1(SceneInputListener.scala:139)
2026-07-10 17:55:52,319 [ERROR] in scala-execution-context-global-424 - 	at com.jpro.meta.tk.SceneInputListener.processInput(SceneInputListener.scala:177)
2026-07-10 17:55:52,319 [ERROR] in scala-execution-context-global-80 - 	at com.jpro.meta.tk.SceneInputListener.$anonfun$new$5(SceneInputListener.scala:49)
2026-07-10 17:55:52,319 [ERROR] in scala-execution-context-global-80 - 	at simplefx.cores.interfaces.parts.CoreTypesDisposer$Disposer$$anon$1.dispose(CoreTypesDisposer.scala:20)
2026-07-10 17:55:52,319 [ERROR] in scala-execution-context-global-80 - 	at simplefx.cores.interfaces.parts.CoreTypesDisposer$ListDisposer.$anonfun$dispose$1(CoreTypesDisposer.scala:29)
2026-07-10 17:55:52,319 [ERROR] in scala-execution-context-global-80 - 	at simplefx.cores.interfaces.parts.CoreTypesDisposer$ListDisposer.$anonfun$dispose$1$adapted(CoreTypesDisposer.scala:29)
2026-07-10 17:55:52,319 [ERROR] in scala-execution-context-global-80 - 	at scala.collection.immutable.List.foreach(List.scala:431)
2026-07-10 17:55:52,319 [ERROR] in scala-execution-context-global-80 - 	at simplefx.cores.interfaces.parts.CoreTypesDisposer$ListDisposer.dispose(CoreTypesDisposer.scala:29)
2026-07-10 17:55:52,319 [ERROR] in scala-execution-context-global-80 - 	at simplefx.cores.interfaces.parts.CoreImply$ImplyOperatorForEvent.$anonfun$$eq$eq$greater$4(CoreImply.scala:20)
2026-07-10 17:55:52,319 [ERROR] in scala-execution-context-global-80 - 	at simplefx.cores.standard.parts.CoreTypesBindable$BindableImpl.$anonfun$triggerOnChange$3(CoreTypesBindable.scala:208)
2026-07-10 17:55:52,319 [ERROR] in scala-execution-context-global-80 - 	at simplefx.cores.standard.parts.CoreScheduler.runSchedulerImpl(CoreScheduler.scala:73)
2026-07-10 17:55:52,319 [ERROR] in scala-execution-context-global-80 - 	at simplefx.cores.standard.parts.CoreScheduler.runSchedulerImpl$(CoreScheduler.scala:52)
2026-07-10 17:55:52,319 [ERROR] in scala-execution-context-global-80 - 	at simplefx.cores.standard.Core.runSchedulerImpl(Core.scala:9)
2026-07-10 17:55:52,319 [ERROR] in scala-execution-context-global-80 - 	at simplefx.cores.standard.parts.CoreScheduler.tryStartSchedulerStop(CoreScheduler.scala:44)
2026-07-10 17:55:52,320 [ERROR] in scala-execution-context-global-80 - 	at simplefx.cores.standard.parts.CoreScheduler.tryStartSchedulerStop$(CoreScheduler.scala:42)
2026-07-10 17:55:52,320 [ERROR] in scala-execution-context-global-80 - 	at simplefx.cores.standard.Core.tryStartSchedulerStop(Core.scala:9)
2026-07-10 17:55:52,320 [ERROR] in scala-execution-context-global-80 - 	at simplefx.cores.interfaces.parts.javafx.CoreJavaFXBindable$$anon$2.changed(CoreJavaFXBindable.scala:52)
2026-07-10 17:55:52,320 [ERROR] in scala-execution-context-global-80 - 	at com.sun.javafx.binding.ExpressionHelper$Generic.fireValueChangedEvent(ExpressionHelper.java:360)
2026-07-10 17:55:52,320 [ERROR] in scala-execution-context-global-80 - 	at com.sun.javafx.binding.ExpressionHelper.fireValueChangedEvent(ExpressionHelper.java:80)
2026-07-10 17:55:52,320 [ERROR] in scala-execution-context-global-50 - 	at javafx.beans.property.ReadOnlyObjectPropertyBase.fireValueChangedEvent(ReadOnlyObjectPropertyBase.java:80)
2026-07-10 17:55:52,320 [ERROR] in scala-execution-context-global-50 - 	at javafx.beans.property.ReadOnlyObjectWrapper.fireValueChangedEvent(ReadOnlyObjectWrapper.java:102)
2026-07-10 17:55:52,320 [ERROR] in scala-execution-context-global-50 - 	at javafx.beans.property.ObjectPropertyBase.markInvalid(ObjectPropertyBase.java:113)
2026-07-10 17:55:52,320 [ERROR] in scala-execution-context-global-50 - 	at javafx.beans.property.ObjectPropertyBase.set(ObjectPropertyBase.java:147)
2026-07-10 17:55:52,320 [ERROR] in scala-execution-context-global-50 - 	at javafx.stage.Window.setScene(Window.java:823)
2026-07-10 17:55:52,320 [ERROR] in scala-execution-context-global-50 - 	at javafx.stage.Stage.setScene(Stage.java:270)
2026-07-10 17:55:52,320 [ERROR] in scala-execution-context-global-50 - 	at start.Start.start(Start.java:355)
2026-07-10 17:55:52,320 [ERROR] in scala-execution-context-global-50 - 	at control.GameController.switchStart(GameController.java:434)
2026-07-10 17:55:52,320 [ERROR] in scala-execution-context-global-423 - 	at start.Help.lambda$start$3(Help.java:186)
2026-07-10 17:55:52,320 [ERROR] in scala-execution-context-global-423 - 	at com.sun.javafx.event.CompositeEventHandler.dispatchBubblingEvent(CompositeEventHandler.java:86)
2026-07-10 17:55:52,320 [ERROR] in scala-execution-context-global-423 - 	at com.sun.javafx.event.EventHandlerManager.dispatchBubblingEvent(EventHandlerManager.java:234)
2026-07-10 17:55:52,320 [ERROR] in scala-execution-context-global-423 - 	at com.sun.javafx.event.EventHandlerManager.dispatchBubblingEvent(EventHandlerManager.java:191)
2026-07-10 17:55:52,320 [ERROR] in scala-execution-context-global-423 - 	at com.sun.javafx.event.CompositeEventDispatcher.dispatchBubblingEvent(CompositeEventDispatcher.java:59)
2026-07-10 17:55:52,320 [ERROR] in scala-execution-context-global-423 - 	at com.sun.javafx.event.BasicEventDispatcher.dispatchEvent(BasicEventDispatcher.java:58)
2026-07-10 17:55:52,320 [ERROR] in scala-execution-context-global-423 - 	at com.sun.javafx.event.EventDispatchChainImpl.dispatchEvent(EventDispatchChainImpl.java:114)
2026-07-10 17:55:52,320 [ERROR] in scala-execution-context-global-423 - 	at com.sun.javafx.event.BasicEventDispatcher.dispatchEvent(BasicEventDispatcher.java:56)
2026-07-10 17:55:52,320 [ERROR] in scala-execution-context-global-423 - 	at com.sun.javafx.event.EventDispatchChainImpl.dispatchEvent(EventDispatchChainImpl.java:114)
2026-07-10 17:55:52,320 [ERROR] in scala-execution-context-global-423 - 	at com.sun.javafx.event.BasicEventDispatcher.dispatchEvent(BasicEventDispatcher.java:56)
2026-07-10 17:55:52,320 [ERROR] in scala-execution-context-global-423 - 	at com.sun.javafx.event.EventDispatchChainImpl.dispatchEvent(EventDispatchChainImpl.java:114)
2026-07-10 17:55:52,320 [ERROR] in scala-execution-context-global-423 - 	at com.sun.javafx.event.EventUtil.fireEventImpl(EventUtil.java:74)
2026-07-10 17:55:52,320 [ERROR] in scala-execution-context-global-423 - 	at com.sun.javafx.event.EventUtil.fireEvent(EventUtil.java:49)
2026-07-10 17:55:52,320 [ERROR] in scala-execution-context-global-423 - 	at javafx.event.Event.fireEvent(Event.java:198)
2026-07-10 17:55:52,320 [ERROR] in scala-execution-context-global-80 - 	at javafx.scene.Node.fireEvent(Node.java:8797)
2026-07-10 17:55:52,320 [ERROR] in scala-execution-context-global-80 - 	at javafx.scene.control.Button.fire(Button.java:203)
2026-07-10 17:55:52,320 [ERROR] in scala-execution-context-global-80 - 	at com.sun.javafx.scene.control.behavior.ButtonBehavior.mouseReleased(ButtonBehavior.java:208)
2026-07-10 17:55:52,320 [ERROR] in scala-execution-context-global-80 - 	at com.sun.javafx.scene.control.inputmap.InputMap.handle(InputMap.java:274)
2026-07-10 17:55:52,320 [ERROR] in scala-execution-context-global-80 - 	at com.sun.javafx.event.CompositeEventHandler$NormalEventHandlerRecord.handleBubblingEvent(CompositeEventHandler.java:247)
2026-07-10 17:55:52,320 [ERROR] in scala-execution-context-global-80 - 	at com.sun.javafx.event.CompositeEventHandler.dispatchBubblingEvent(CompositeEventHandler.java:80)
2026-07-10 17:55:52,320 [ERROR] in scala-execution-context-global-80 - 	at com.sun.javafx.event.EventHandlerManager.dispatchBubblingEvent(EventHandlerManager.java:234)
2026-07-10 17:55:52,320 [ERROR] in scala-execution-context-global-80 - 	at com.sun.javafx.event.EventHandlerManager.dispatchBubblingEvent(EventHandlerManager.java:191)
2026-07-10 17:55:52,320 [ERROR] in scala-execution-context-global-80 - 	at com.sun.javafx.event.CompositeEventDispatcher.dispatchBubblingEvent(CompositeEventDispatcher.java:59)
2026-07-10 17:55:52,320 [ERROR] in scala-execution-context-global-80 - 	at com.sun.javafx.event.BasicEventDispatcher.dispatchEvent(BasicEventDispatcher.java:58)
2026-07-10 17:55:52,320 [ERROR] in scala-execution-context-global-80 - 	at com.sun.javafx.event.EventDispatchChainImpl.dispatchEvent(EventDispatchChainImpl.java:114)
2026-07-10 17:55:52,320 [ERROR] in scala-execution-context-global-80 - 	at com.sun.javafx.event.BasicEventDispatcher.dispatchEvent(BasicEventDispatcher.java:56)
2026-07-10 17:55:52,320 [ERROR] in scala-execution-context-global-80 - 	at com.sun.javafx.event.EventDispatchChainImpl.dispatchEvent(EventDispatchChainImpl.java:114)
2026-07-10 17:55:52,320 [ERROR] in scala-execution-context-global-80 - 	at com.sun.javafx.event.BasicEventDispatcher.dispatchEvent(BasicEventDispatcher.java:56)
2026-07-10 17:55:52,320 [ERROR] in scala-execution-context-global-80 - 	at com.sun.javafx.event.EventDispatchChainImpl.dispatchEvent(EventDispatchChainImpl.java:114)
2026-07-10 17:55:52,320 [ERROR] in scala-execution-context-global-80 - 	at com.sun.javafx.event.EventUtil.fireEventImpl(EventUtil.java:74)
2026-07-10 17:55:52,320 [ERROR] in scala-execution-context-global-80 - 	at com.sun.javafx.event.EventUtil.fireEvent(EventUtil.java:54)
2026-07-10 17:55:52,320 [ERROR] in scala-execution-context-global-80 - 	at javafx.event.Event.fireEvent(Event.java:198)
2026-07-10 17:55:52,320 [ERROR] in scala-execution-context-global-80 - 	at javafx.scene.Scene$MouseHandler.process(Scene.java:3931)
2026-07-10 17:55:52,320 [ERROR] in scala-execution-context-global-80 - 	at javafx.scene.Scene.processMouseEvent(Scene.java:1918)
2026-07-10 17:55:52,320 [ERROR] in scala-execution-context-global-80 - 	at javafx.scene.Scene$ScenePeerListener.mouseEvent(Scene.java:2657)
2026-07-10 17:55:52,320 [ERROR] in scala-execution-context-global-80 - 	at com.sun.javafx.tk.quantum.GlassViewEventHandler$MouseEventNotification.run(GlassViewEventHandler.java:411)
2026-07-10 17:55:52,320 [ERROR] in scala-execution-context-global-80 - 	at com.sun.javafx.tk.quantum.GlassViewEventHandler$MouseEventNotification.run(GlassViewEventHandler.java:301)
2026-07-10 17:55:52,320 [ERROR] in scala-execution-context-global-50 - 	at java.base/java.security.AccessController.doPrivileged(AccessController.java:399)
2026-07-10 17:55:52,320 [ERROR] in scala-execution-context-global-50 - 	at com.sun.javafx.tk.quantum.GlassViewEventHandler.lambda$handleMouseEvent$2(GlassViewEventHandler.java:450)
2026-07-10 17:55:52,320 [ERROR] in scala-execution-context-global-50 - 	at com.sun.javafx.tk.quantum.QuantumToolkit.runWithoutRenderLock(QuantumToolkit.java:430)
2026-07-10 17:55:52,320 [ERROR] in scala-execution-context-global-50 - 	at com.sun.javafx.tk.quantum.GlassViewEventHandler.handleMouseEvent(GlassViewEventHandler.java:449)
2026-07-10 17:55:52,320 [ERROR] in scala-execution-context-global-50 - 	at com.sun.glass.ui.View.handleMouseEvent(View.java:551)
2026-07-10 17:55:52,320 [ERROR] in scala-execution-context-global-50 - 	at com.sun.glass.ui.View.notifyMouse(View.java:937)
2026-07-10 17:55:52,320 [ERROR] in scala-execution-context-global-50 - 	at com.sun.glass.ui.monocle.MonocleView.notifyMouse(MonocleView.java:116)
2026-07-10 17:55:52,320 [ERROR] in scala-execution-context-global-50 - 	at jdk.internal.reflect.GeneratedMethodAccessor14.invoke(Unknown Source)
2026-07-10 17:55:52,320 [ERROR] in scala-execution-context-global-50 - 	at java.base/jdk.internal.reflect.DelegatingMethodAccessorImpl.invoke(DelegatingMethodAccessorImpl.java:43)
2026-07-10 17:55:52,320 [ERROR] in scala-execution-context-global-50 - 	at java.base/java.lang.reflect.Method.invoke(Method.java:569)
2026-07-10 17:55:52,320 [ERROR] in scala-execution-context-global-50 - 	at simplefx.util.ReflectionUtil$UseReflection.applyDynamic(ReflectionUtil.scala:21)
2026-07-10 17:55:52,320 [ERROR] in scala-execution-context-global-50 - 	at com.sun.glass.ui.monocle.input.fork.NativeMouseInput.notifyMouse(NativeMouseInput.scala:330)
2026-07-10 17:55:52,320 [ERROR] in scala-execution-context-global-50 - 	at com.sun.glass.ui.monocle.input.fork.NativeMouseInput.postMouseEvent(NativeMouseInput.scala:226)
2026-07-10 17:55:52,320 [ERROR] in scala-execution-context-global-50 - 	at com.sun.glass.ui.monocle.input.fork.NativeMouseInput.setState(NativeMouseInput.scala:186)
2026-07-10 17:55:52,320 [ERROR] in scala-execution-context-global-50 - 	at jdk.internal.reflect.GeneratedMethodAccessor13.invoke(Unknown Source)
2026-07-10 17:55:52,320 [ERROR] in scala-execution-context-global-50 - 	at java.base/jdk.internal.reflect.DelegatingMethodAccessorImpl.invoke(DelegatingMethodAccessorImpl.java:43)
2026-07-10 17:55:52,320 [ERROR] in scala-execution-context-global-50 - 	at java.base/java.lang.reflect.Method.invoke(Method.java:569)
2026-07-10 17:55:52,320 [ERROR] in scala-execution-context-global-50 - 	at simplefx.util.ReflectionUtil$UseReflection.applyDynamic(ReflectionUtil.scala:21)
2026-07-10 17:55:52,320 [ERROR] in scala-execution-context-global-50 - 	at com.jpro.meta.tk.SceneInputListener.processInputInScene(SceneInputListener.scala:264)
2026-07-10 17:55:52,320 [ERROR] in scala-execution-context-global-50 - 	at com.jpro.meta.tk.SceneInputListener.processInput(SceneInputListener.scala:175)
2026-07-10 17:55:52,320 [ERROR] in scala-execution-context-global-50 - 	at com.jpro.meta.tk.SceneInputListener.processInputs(SceneInputListener.scala:108)
2026-07-10 17:55:52,320 [ERROR] in scala-execution-context-global-50 - 	at com.jpro.meta.tk.SceneInputListener.$anonfun$new$4(SceneInputListener.scala:42)
2026-07-10 17:55:52,320 [ERROR] in scala-execution-context-global-50 - 	at simplefx.cores.standard.parts.CoreTimeEvent$$anon$3.run(CoreTimeEvent.scala:62)
2026-07-10 17:55:52,320 [ERROR] in scala-execution-context-global-50 - 	at com.sun.javafx.application.PlatformImpl.lambda$runLater$10(PlatformImpl.java:457)
2026-07-10 17:55:52,320 [ERROR] in scala-execution-context-global-436 - 	at java.base/java.security.AccessController.doPrivileged(AccessController.java:399)
2026-07-10 17:55:52,320 [ERROR] in scala-execution-context-global-436 - 	at com.sun.javafx.application.PlatformImpl.lambda$runLater$11(PlatformImpl.java:456)
2026-07-10 17:55:52,321 [ERROR] in scala-execution-context-global-436 - 	at com.sun.glass.ui.monocle.RunnableProcessor.runLoop(RunnableProcessor.java:92)
2026-07-10 17:55:52,321 [ERROR] in scala-execution-context-global-436 - 	at com.sun.glass.ui.monocle.RunnableProcessor.run(RunnableProcessor.java:51)
2026-07-10 17:55:52,321 [ERROR] in scala-execution-context-global-436 - 	at java.base/java.lang.Thread.run(Thread.java:840)
2026-07-10 17:55:52,334 [INFO] in scala-execution-context-global-436 - [info] com.jpro.JS - received msg: new MainID: 3532 userid: 1242187895
